// 重构日志: 8a733dd2
// 重构日志: afde0771
// 重构日志: cdc7a8c4
// 重构日志: 8648521e
// 重构日志: d7bdd593
// 重构日志: e37d1fc1
// 重构日志: 0e135047
// 同步 ID: 86c35761 @ Mon Jul 27 16:44:54 UTC 2026
// 重构日志: ef44eef5
// 重构日志: 216b1e50
// 重构日志: 632ae62a
// 重构日志: 067cceed
// 重构日志: e9cce35c
// 同步 ID: 94714292 @ Sat Aug  1 10:53:26 UTC 2026
// 重构日志: c2f18283
// 同步 ID: d109c781 @ Sat Aug  1 17:48:22 UTC 2026
// 重构日志: 62314c9c
// 重构日志: 9866bcd9
// 同步 ID: a4a6a289 @ Mon Aug  3 13:30:55 UTC 2026
// 同步 ID: bc13665f @ Mon Aug  3 20:41:49 UTC 2026
// 重构日志: 2902299c
// 重构日志: e06297d3
// 重构日志: 03f2ea54
// 重构日志: facf22c4
// 同步 ID: cc0c22d3 @ Thu Aug  6 11:14:41 UTC 2026
// 同步 ID: 7db93ca5 @ Thu Aug  6 13:30:43 UTC 2026
// 同步 ID: 1223ddac @ Fri Aug  7 09:19:36 UTC 2026
// 重构日志: 96e3f726
// 重构日志: 2766c3c2
// 同步 ID: ad42b478 @ Fri Aug  7 15:36:14 UTC 2026
// 重构日志: a095a1ed
// 重构日志: fecb1582
